// Jest Snapshot v1, https://goo.gl/fbAQLP

exports[`работа кнопки Активные MobileCompany 1`] = `
<div
  className="MobileCompany"
>
  <input
    onClick={[Function]}
    type="button"
    value="МТС"
  />
  <input
    onClick={[Function]}
    type="button"
    value="Velcom"
  />
  <div
    className="MobileCompanyName"
  >
    Компания «
    Velcom
    »
  </div>
  <div
    className="MobileCompanyFilter"
  >
    <input
      className="All"
      onClick={[Function]}
      type="button"
      value="Все"
    />
    <input
      className="Active"
      onClick={[Function]}
      type="button"
      value="Активные"
    />
    <input
      className="Blocked"
      onClick={[Function]}
      type="button"
      value="Заблокированные"
    />
  </div>
  <table
    className="table"
  >
    <thead>
      <tr
        className="header"
      >
        <th
          className="cell"
        >
          Фамилия
        </th>
        <th
          className="cell"
        >
          Имя
        </th>
        <th
          className="cell"
        >
          Отчество
        </th>
        <th
          className="cell"
        >
          Баланс
        </th>
        <th
          className="cell"
        >
          Статус
        </th>
        <th
          className="cell"
        >
          Редактировать
        </th>
        <th
          className="cell"
        >
          Удалить
        </th>
      </tr>
    </thead>
    <tbody
      className="body"
    >
      <tr
        className="MobileClient"
      >
        <td
          className="cell"
        >
          Иванов
        </td>
        <td
          className="cell"
        >
          Иван
        </td>
        <td
          className="cell"
        >
          Иванович
        </td>
        <td
          className="cell"
        >
          200
        </td>
        <td
          className="cell"
          style={
            Object {
              "background": "green",
            }
          }
        >
          active
        </td>
        <td
          className="cell"
        >
          <input
            className="inputEdit"
            disabled={false}
            onClick={[Function]}
            type="button"
            value="Редактировать"
          />
        </td>
        <td
          className="cell"
        >
          <input
            className="inputDelete"
            disabled={false}
            onClick={[Function]}
            type="button"
            value="Удалить"
          />
        </td>
      </tr>
      <tr
        className="MobileClient"
      >
        <td
          className="cell"
        >
          Сидоров
        </td>
        <td
          className="cell"
        >
          Сергей
        </td>
        <td
          className="cell"
        >
          Сергеевич
        </td>
        <td
          className="cell"
        >
          250
        </td>
        <td
          className="cell"
          style={
            Object {
              "background": "green",
            }
          }
        >
          active
        </td>
        <td
          className="cell"
        >
          <input
            className="inputEdit"
            disabled={false}
            onClick={[Function]}
            type="button"
            value="Редактировать"
          />
        </td>
        <td
          className="cell"
        >
          <input
            className="inputDelete"
            disabled={false}
            onClick={[Function]}
            type="button"
            value="Удалить"
          />
        </td>
      </tr>
      <tr
        className="MobileClient"
      >
        <td
          className="cell"
        >
          Петров
        </td>
        <td
          className="cell"
        >
          Пётр
        </td>
        <td
          className="cell"
        >
          Петрович
        </td>
        <td
          className="cell"
        >
          180
        </td>
        <td
          className="cell"
          style={
            Object {
              "background": "green",
            }
          }
        >
          active
        </td>
        <td
          className="cell"
        >
          <input
            className="inputEdit"
            disabled={false}
            onClick={[Function]}
            type="button"
            value="Редактировать"
          />
        </td>
        <td
          className="cell"
        >
          <input
            className="inputDelete"
            disabled={false}
            onClick={[Function]}
            type="button"
            value="Удалить"
          />
        </td>
      </tr>
      <tr
        className="MobileClient"
      >
        <td
          className="cell"
        >
          Григорьев
        </td>
        <td
          className="cell"
        >
          Григорий
        </td>
        <td
          className="cell"
        >
          Григорьевич
        </td>
        <td
          className="cell"
        >
          -220
        </td>
        <td
          className="cell"
          style={
            Object {
              "background": "red",
            }
          }
        >
          blocked
        </td>
        <td
          className="cell"
        >
          <input
            className="inputEdit"
            disabled={false}
            onClick={[Function]}
            type="button"
            value="Редактировать"
          />
        </td>
        <td
          className="cell"
        >
          <input
            className="inputDelete"
            disabled={false}
            onClick={[Function]}
            type="button"
            value="Удалить"
          />
        </td>
      </tr>
    </tbody>
  </table>
  <input
    className="AddClient"
    hidden={false}
    onClick={[Function]}
    type="button"
    value="Добавь клиента"
  />
</div>
`;

exports[`работа кнопки Активные MobileCompany 2`] = `
<div
  className="MobileCompany"
>
  <input
    onClick={[Function]}
    type="button"
    value="МТС"
  />
  <input
    onClick={[Function]}
    type="button"
    value="Velcom"
  />
  <div
    className="MobileCompanyName"
  >
    Компания «
    Velcom
    »
  </div>
  <div
    className="MobileCompanyFilter"
  >
    <input
      className="All"
      onClick={[Function]}
      type="button"
      value="Все"
    />
    <input
      className="Active"
      onClick={[Function]}
      type="button"
      value="Активные"
    />
    <input
      className="Blocked"
      onClick={[Function]}
      type="button"
      value="Заблокированные"
    />
  </div>
  <table
    className="table"
  >
    <thead>
      <tr
        className="header"
      >
        <th
          className="cell"
        >
          Фамилия
        </th>
        <th
          className="cell"
        >
          Имя
        </th>
        <th
          className="cell"
        >
          Отчество
        </th>
        <th
          className="cell"
        >
          Баланс
        </th>
        <th
          className="cell"
        >
          Статус
        </th>
        <th
          className="cell"
        >
          Редактировать
        </th>
        <th
          className="cell"
        >
          Удалить
        </th>
      </tr>
    </thead>
    <tbody
      className="body"
    >
      <tr
        className="MobileClient"
      >
        <td
          className="cell"
        >
          Иванов
        </td>
        <td
          className="cell"
        >
          Иван
        </td>
        <td
          className="cell"
        >
          Иванович
        </td>
        <td
          className="cell"
        >
          200
        </td>
        <td
          className="cell"
          style={
            Object {
              "background": "green",
            }
          }
        >
          active
        </td>
        <td
          className="cell"
        >
          <input
            className="inputEdit"
            disabled={false}
            onClick={[Function]}
            type="button"
            value="Редактировать"
          />
        </td>
        <td
          className="cell"
        >
          <input
            className="inputDelete"
            disabled={false}
            onClick={[Function]}
            type="button"
            value="Удалить"
          />
        </td>
      </tr>
      <tr
        className="MobileClient"
      >
        <td
          className="cell"
        >
          Сидоров
        </td>
        <td
          className="cell"
        >
          Сергей
        </td>
        <td
          className="cell"
        >
          Сергеевич
        </td>
        <td
          className="cell"
        >
          250
        </td>
        <td
          className="cell"
          style={
            Object {
              "background": "green",
            }
          }
        >
          active
        </td>
        <td
          className="cell"
        >
          <input
            className="inputEdit"
            disabled={false}
            onClick={[Function]}
            type="button"
            value="Редактировать"
          />
        </td>
        <td
          className="cell"
        >
          <input
            className="inputDelete"
            disabled={false}
            onClick={[Function]}
            type="button"
            value="Удалить"
          />
        </td>
      </tr>
      <tr
        className="MobileClient"
      >
        <td
          className="cell"
        >
          Петров
        </td>
        <td
          className="cell"
        >
          Пётр
        </td>
        <td
          className="cell"
        >
          Петрович
        </td>
        <td
          className="cell"
        >
          180
        </td>
        <td
          className="cell"
          style={
            Object {
              "background": "green",
            }
          }
        >
          active
        </td>
        <td
          className="cell"
        >
          <input
            className="inputEdit"
            disabled={false}
            onClick={[Function]}
            type="button"
            value="Редактировать"
          />
        </td>
        <td
          className="cell"
        >
          <input
            className="inputDelete"
            disabled={false}
            onClick={[Function]}
            type="button"
            value="Удалить"
          />
        </td>
      </tr>
    </tbody>
  </table>
  <input
    className="AddClient"
    hidden={false}
    onClick={[Function]}
    type="button"
    value="Добавь клиента"
  />
</div>
`;

exports[`работа кнопки Активные MobileCompany 3`] = `
<div
  className="MobileCompany"
>
  <input
    onClick={[Function]}
    type="button"
    value="МТС"
  />
  <input
    onClick={[Function]}
    type="button"
    value="Velcom"
  />
  <div
    className="MobileCompanyName"
  >
    Компания «
    Velcom
    »
  </div>
  <div
    className="MobileCompanyFilter"
  >
    <input
      className="All"
      onClick={[Function]}
      type="button"
      value="Все"
    />
    <input
      className="Active"
      onClick={[Function]}
      type="button"
      value="Активные"
    />
    <input
      className="Blocked"
      onClick={[Function]}
      type="button"
      value="Заблокированные"
    />
  </div>
  <table
    className="table"
  >
    <thead>
      <tr
        className="header"
      >
        <th
          className="cell"
        >
          Фамилия
        </th>
        <th
          className="cell"
        >
          Имя
        </th>
        <th
          className="cell"
        >
          Отчество
        </th>
        <th
          className="cell"
        >
          Баланс
        </th>
        <th
          className="cell"
        >
          Статус
        </th>
        <th
          className="cell"
        >
          Редактировать
        </th>
        <th
          className="cell"
        >
          Удалить
        </th>
      </tr>
    </thead>
    <tbody
      className="body"
    >
      <tr
        className="MobileClient"
      >
        <td
          className="cell"
        >
          Иванов
        </td>
        <td
          className="cell"
        >
          Иван
        </td>
        <td
          className="cell"
        >
          Иванович
        </td>
        <td
          className="cell"
        >
          200
        </td>
        <td
          className="cell"
          style={
            Object {
              "background": "green",
            }
          }
        >
          active
        </td>
        <td
          className="cell"
        >
          <input
            className="inputEdit"
            disabled={false}
            onClick={[Function]}
            type="button"
            value="Редактировать"
          />
        </td>
        <td
          className="cell"
        >
          <input
            className="inputDelete"
            disabled={false}
            onClick={[Function]}
            type="button"
            value="Удалить"
          />
        </td>
      </tr>
      <tr
        className="MobileClient"
      >
        <td
          className="cell"
        >
          Сидоров
        </td>
        <td
          className="cell"
        >
          Сергей
        </td>
        <td
          className="cell"
        >
          Сергеевич
        </td>
        <td
          className="cell"
        >
          250
        </td>
        <td
          className="cell"
          style={
            Object {
              "background": "green",
            }
          }
        >
          active
        </td>
        <td
          className="cell"
        >
          <input
            className="inputEdit"
            disabled={false}
            onClick={[Function]}
            type="button"
            value="Редактировать"
          />
        </td>
        <td
          className="cell"
        >
          <input
            className="inputDelete"
            disabled={false}
            onClick={[Function]}
            type="button"
            value="Удалить"
          />
        </td>
      </tr>
      <tr
        className="MobileClient"
      >
        <td
          className="cell"
        >
          Петров
        </td>
        <td
          className="cell"
        >
          Пётр
        </td>
        <td
          className="cell"
        >
          Петрович
        </td>
        <td
          className="cell"
        >
          180
        </td>
        <td
          className="cell"
          style={
            Object {
              "background": "green",
            }
          }
        >
          active
        </td>
        <td
          className="cell"
        >
          <input
            className="inputEdit"
            disabled={false}
            onClick={[Function]}
            type="button"
            value="Редактировать"
          />
        </td>
        <td
          className="cell"
        >
          <input
            className="inputDelete"
            disabled={false}
            onClick={[Function]}
            type="button"
            value="Удалить"
          />
        </td>
      </tr>
    </tbody>
  </table>
  <input
    className="AddClient"
    hidden={false}
    onClick={[Function]}
    type="button"
    value="Добавь клиента"
  />
</div>
`;

exports[`работа кнопки Все MobileCompany 1`] = `
<div
  className="MobileCompany"
>
  <input
    onClick={[Function]}
    type="button"
    value="МТС"
  />
  <input
    onClick={[Function]}
    type="button"
    value="Velcom"
  />
  <div
    className="MobileCompanyName"
  >
    Компания «
    Velcom
    »
  </div>
  <div
    className="MobileCompanyFilter"
  >
    <input
      className="All"
      onClick={[Function]}
      type="button"
      value="Все"
    />
    <input
      className="Active"
      onClick={[Function]}
      type="button"
      value="Активные"
    />
    <input
      className="Blocked"
      onClick={[Function]}
      type="button"
      value="Заблокированные"
    />
  </div>
  <table
    className="table"
  >
    <thead>
      <tr
        className="header"
      >
        <th
          className="cell"
        >
          Фамилия
        </th>
        <th
          className="cell"
        >
          Имя
        </th>
        <th
          className="cell"
        >
          Отчество
        </th>
        <th
          className="cell"
        >
          Баланс
        </th>
        <th
          className="cell"
        >
          Статус
        </th>
        <th
          className="cell"
        >
          Редактировать
        </th>
        <th
          className="cell"
        >
          Удалить
        </th>
      </tr>
    </thead>
    <tbody
      className="body"
    >
      <tr
        className="MobileClient"
      >
        <td
          className="cell"
        >
          Иванов
        </td>
        <td
          className="cell"
        >
          Иван
        </td>
        <td
          className="cell"
        >
          Иванович
        </td>
        <td
          className="cell"
        >
          200
        </td>
        <td
          className="cell"
          style={
            Object {
              "background": "green",
            }
          }
        >
          active
        </td>
        <td
          className="cell"
        >
          <input
            className="inputEdit"
            disabled={false}
            onClick={[Function]}
            type="button"
            value="Редактировать"
          />
        </td>
        <td
          className="cell"
        >
          <input
            className="inputDelete"
            disabled={false}
            onClick={[Function]}
            type="button"
            value="Удалить"
          />
        </td>
      </tr>
      <tr
        className="MobileClient"
      >
        <td
          className="cell"
        >
          Сидоров
        </td>
        <td
          className="cell"
        >
          Сергей
        </td>
        <td
          className="cell"
        >
          Сергеевич
        </td>
        <td
          className="cell"
        >
          250
        </td>
        <td
          className="cell"
          style={
            Object {
              "background": "green",
            }
          }
        >
          active
        </td>
        <td
          className="cell"
        >
          <input
            className="inputEdit"
            disabled={false}
            onClick={[Function]}
            type="button"
            value="Редактировать"
          />
        </td>
        <td
          className="cell"
        >
          <input
            className="inputDelete"
            disabled={false}
            onClick={[Function]}
            type="button"
            value="Удалить"
          />
        </td>
      </tr>
      <tr
        className="MobileClient"
      >
        <td
          className="cell"
        >
          Петров
        </td>
        <td
          className="cell"
        >
          Пётр
        </td>
        <td
          className="cell"
        >
          Петрович
        </td>
        <td
          className="cell"
        >
          180
        </td>
        <td
          className="cell"
          style={
            Object {
              "background": "green",
            }
          }
        >
          active
        </td>
        <td
          className="cell"
        >
          <input
            className="inputEdit"
            disabled={false}
            onClick={[Function]}
            type="button"
            value="Редактировать"
          />
        </td>
        <td
          className="cell"
        >
          <input
            className="inputDelete"
            disabled={false}
            onClick={[Function]}
            type="button"
            value="Удалить"
          />
        </td>
      </tr>
      <tr
        className="MobileClient"
      >
        <td
          className="cell"
        >
          Григорьев
        </td>
        <td
          className="cell"
        >
          Григорий
        </td>
        <td
          className="cell"
        >
          Григорьевич
        </td>
        <td
          className="cell"
        >
          -220
        </td>
        <td
          className="cell"
          style={
            Object {
              "background": "red",
            }
          }
        >
          blocked
        </td>
        <td
          className="cell"
        >
          <input
            className="inputEdit"
            disabled={false}
            onClick={[Function]}
            type="button"
            value="Редактировать"
          />
        </td>
        <td
          className="cell"
        >
          <input
            className="inputDelete"
            disabled={false}
            onClick={[Function]}
            type="button"
            value="Удалить"
          />
        </td>
      </tr>
    </tbody>
  </table>
  <input
    className="AddClient"
    hidden={false}
    onClick={[Function]}
    type="button"
    value="Добавь клиента"
  />
</div>
`;

exports[`работа кнопки Все MobileCompany 2`] = `
<div
  className="MobileCompany"
>
  <input
    onClick={[Function]}
    type="button"
    value="МТС"
  />
  <input
    onClick={[Function]}
    type="button"
    value="Velcom"
  />
  <div
    className="MobileCompanyName"
  >
    Компания «
    Velcom
    »
  </div>
  <div
    className="MobileCompanyFilter"
  >
    <input
      className="All"
      onClick={[Function]}
      type="button"
      value="Все"
    />
    <input
      className="Active"
      onClick={[Function]}
      type="button"
      value="Активные"
    />
    <input
      className="Blocked"
      onClick={[Function]}
      type="button"
      value="Заблокированные"
    />
  </div>
  <table
    className="table"
  >
    <thead>
      <tr
        className="header"
      >
        <th
          className="cell"
        >
          Фамилия
        </th>
        <th
          className="cell"
        >
          Имя
        </th>
        <th
          className="cell"
        >
          Отчество
        </th>
        <th
          className="cell"
        >
          Баланс
        </th>
        <th
          className="cell"
        >
          Статус
        </th>
        <th
          className="cell"
        >
          Редактировать
        </th>
        <th
          className="cell"
        >
          Удалить
        </th>
      </tr>
    </thead>
    <tbody
      className="body"
    >
      <tr
        className="MobileClient"
      >
        <td
          className="cell"
        >
          Иванов
        </td>
        <td
          className="cell"
        >
          Иван
        </td>
        <td
          className="cell"
        >
          Иванович
        </td>
        <td
          className="cell"
        >
          200
        </td>
        <td
          className="cell"
          style={
            Object {
              "background": "green",
            }
          }
        >
          active
        </td>
        <td
          className="cell"
        >
          <input
            className="inputEdit"
            disabled={false}
            onClick={[Function]}
            type="button"
            value="Редактировать"
          />
        </td>
        <td
          className="cell"
        >
          <input
            className="inputDelete"
            disabled={false}
            onClick={[Function]}
            type="button"
            value="Удалить"
          />
        </td>
      </tr>
      <tr
        className="MobileClient"
      >
        <td
          className="cell"
        >
          Сидоров
        </td>
        <td
          className="cell"
        >
          Сергей
        </td>
        <td
          className="cell"
        >
          Сергеевич
        </td>
        <td
          className="cell"
        >
          250
        </td>
        <td
          className="cell"
          style={
            Object {
              "background": "green",
            }
          }
        >
          active
        </td>
        <td
          className="cell"
        >
          <input
            className="inputEdit"
            disabled={false}
            onClick={[Function]}
            type="button"
            value="Редактировать"
          />
        </td>
        <td
          className="cell"
        >
          <input
            className="inputDelete"
            disabled={false}
            onClick={[Function]}
            type="button"
            value="Удалить"
          />
        </td>
      </tr>
      <tr
        className="MobileClient"
      >
        <td
          className="cell"
        >
          Петров
        </td>
        <td
          className="cell"
        >
          Пётр
        </td>
        <td
          className="cell"
        >
          Петрович
        </td>
        <td
          className="cell"
        >
          180
        </td>
        <td
          className="cell"
          style={
            Object {
              "background": "green",
            }
          }
        >
          active
        </td>
        <td
          className="cell"
        >
          <input
            className="inputEdit"
            disabled={false}
            onClick={[Function]}
            type="button"
            value="Редактировать"
          />
        </td>
        <td
          className="cell"
        >
          <input
            className="inputDelete"
            disabled={false}
            onClick={[Function]}
            type="button"
            value="Удалить"
          />
        </td>
      </tr>
      <tr
        className="MobileClient"
      >
        <td
          className="cell"
        >
          Григорьев
        </td>
        <td
          className="cell"
        >
          Григорий
        </td>
        <td
          className="cell"
        >
          Григорьевич
        </td>
        <td
          className="cell"
        >
          -220
        </td>
        <td
          className="cell"
          style={
            Object {
              "background": "red",
            }
          }
        >
          blocked
        </td>
        <td
          className="cell"
        >
          <input
            className="inputEdit"
            disabled={false}
            onClick={[Function]}
            type="button"
            value="Редактировать"
          />
        </td>
        <td
          className="cell"
        >
          <input
            className="inputDelete"
            disabled={false}
            onClick={[Function]}
            type="button"
            value="Удалить"
          />
        </td>
      </tr>
    </tbody>
  </table>
  <input
    className="AddClient"
    hidden={false}
    onClick={[Function]}
    type="button"
    value="Добавь клиента"
  />
</div>
`;

exports[`работа кнопки Все MobileCompany 3`] = `
<div
  className="MobileCompany"
>
  <input
    onClick={[Function]}
    type="button"
    value="МТС"
  />
  <input
    onClick={[Function]}
    type="button"
    value="Velcom"
  />
  <div
    className="MobileCompanyName"
  >
    Компания «
    Velcom
    »
  </div>
  <div
    className="MobileCompanyFilter"
  >
    <input
      className="All"
      onClick={[Function]}
      type="button"
      value="Все"
    />
    <input
      className="Active"
      onClick={[Function]}
      type="button"
      value="Активные"
    />
    <input
      className="Blocked"
      onClick={[Function]}
      type="button"
      value="Заблокированные"
    />
  </div>
  <table
    className="table"
  >
    <thead>
      <tr
        className="header"
      >
        <th
          className="cell"
        >
          Фамилия
        </th>
        <th
          className="cell"
        >
          Имя
        </th>
        <th
          className="cell"
        >
          Отчество
        </th>
        <th
          className="cell"
        >
          Баланс
        </th>
        <th
          className="cell"
        >
          Статус
        </th>
        <th
          className="cell"
        >
          Редактировать
        </th>
        <th
          className="cell"
        >
          Удалить
        </th>
      </tr>
    </thead>
    <tbody
      className="body"
    >
      <tr
        className="MobileClient"
      >
        <td
          className="cell"
        >
          Иванов
        </td>
        <td
          className="cell"
        >
          Иван
        </td>
        <td
          className="cell"
        >
          Иванович
        </td>
        <td
          className="cell"
        >
          200
        </td>
        <td
          className="cell"
          style={
            Object {
              "background": "green",
            }
          }
        >
          active
        </td>
        <td
          className="cell"
        >
          <input
            className="inputEdit"
            disabled={false}
            onClick={[Function]}
            type="button"
            value="Редактировать"
          />
        </td>
        <td
          className="cell"
        >
          <input
            className="inputDelete"
            disabled={false}
            onClick={[Function]}
            type="button"
            value="Удалить"
          />
        </td>
      </tr>
      <tr
        className="MobileClient"
      >
        <td
          className="cell"
        >
          Сидоров
        </td>
        <td
          className="cell"
        >
          Сергей
        </td>
        <td
          className="cell"
        >
          Сергеевич
        </td>
        <td
          className="cell"
        >
          250
        </td>
        <td
          className="cell"
          style={
            Object {
              "background": "green",
            }
          }
        >
          active
        </td>
        <td
          className="cell"
        >
          <input
            className="inputEdit"
            disabled={false}
            onClick={[Function]}
            type="button"
            value="Редактировать"
          />
        </td>
        <td
          className="cell"
        >
          <input
            className="inputDelete"
            disabled={false}
            onClick={[Function]}
            type="button"
            value="Удалить"
          />
        </td>
      </tr>
      <tr
        className="MobileClient"
      >
        <td
          className="cell"
        >
          Петров
        </td>
        <td
          className="cell"
        >
          Пётр
        </td>
        <td
          className="cell"
        >
          Петрович
        </td>
        <td
          className="cell"
        >
          180
        </td>
        <td
          className="cell"
          style={
            Object {
              "background": "green",
            }
          }
        >
          active
        </td>
        <td
          className="cell"
        >
          <input
            className="inputEdit"
            disabled={false}
            onClick={[Function]}
            type="button"
            value="Редактировать"
          />
        </td>
        <td
          className="cell"
        >
          <input
            className="inputDelete"
            disabled={false}
            onClick={[Function]}
            type="button"
            value="Удалить"
          />
        </td>
      </tr>
      <tr
        className="MobileClient"
      >
        <td
          className="cell"
        >
          Григорьев
        </td>
        <td
          className="cell"
        >
          Григорий
        </td>
        <td
          className="cell"
        >
          Григорьевич
        </td>
        <td
          className="cell"
        >
          -220
        </td>
        <td
          className="cell"
          style={
            Object {
              "background": "red",
            }
          }
        >
          blocked
        </td>
        <td
          className="cell"
        >
          <input
            className="inputEdit"
            disabled={false}
            onClick={[Function]}
            type="button"
            value="Редактировать"
          />
        </td>
        <td
          className="cell"
        >
          <input
            className="inputDelete"
            disabled={false}
            onClick={[Function]}
            type="button"
            value="Удалить"
          />
        </td>
      </tr>
    </tbody>
  </table>
  <input
    className="AddClient"
    hidden={false}
    onClick={[Function]}
    type="button"
    value="Добавь клиента"
  />
</div>
`;

exports[`работа кнопки Добавь Клиента MobileCompany 1`] = `
<div
  className="MobileCompany"
>
  <input
    onClick={[Function]}
    type="button"
    value="МТС"
  />
  <input
    onClick={[Function]}
    type="button"
    value="Velcom"
  />
  <div
    className="MobileCompanyName"
  >
    Компания «
    Velcom
    »
  </div>
  <div
    className="MobileCompanyFilter"
  >
    <input
      className="All"
      onClick={[Function]}
      type="button"
      value="Все"
    />
    <input
      className="Active"
      onClick={[Function]}
      type="button"
      value="Активные"
    />
    <input
      className="Blocked"
      onClick={[Function]}
      type="button"
      value="Заблокированные"
    />
  </div>
  <table
    className="table"
  >
    <thead>
      <tr
        className="header"
      >
        <th
          className="cell"
        >
          Фамилия
        </th>
        <th
          className="cell"
        >
          Имя
        </th>
        <th
          className="cell"
        >
          Отчество
        </th>
        <th
          className="cell"
        >
          Баланс
        </th>
        <th
          className="cell"
        >
          Статус
        </th>
        <th
          className="cell"
        >
          Редактировать
        </th>
        <th
          className="cell"
        >
          Удалить
        </th>
      </tr>
    </thead>
    <tbody
      className="body"
    >
      <tr
        className="MobileClient"
      >
        <td
          className="cell"
        >
          Иванов
        </td>
        <td
          className="cell"
        >
          Иван
        </td>
        <td
          className="cell"
        >
          Иванович
        </td>
        <td
          className="cell"
        >
          200
        </td>
        <td
          className="cell"
          style={
            Object {
              "background": "green",
            }
          }
        >
          active
        </td>
        <td
          className="cell"
        >
          <input
            className="inputEdit"
            disabled={false}
            onClick={[Function]}
            type="button"
            value="Редактировать"
          />
        </td>
        <td
          className="cell"
        >
          <input
            className="inputDelete"
            disabled={false}
            onClick={[Function]}
            type="button"
            value="Удалить"
          />
        </td>
      </tr>
      <tr
        className="MobileClient"
      >
        <td
          className="cell"
        >
          Сидоров
        </td>
        <td
          className="cell"
        >
          Сергей
        </td>
        <td
          className="cell"
        >
          Сергеевич
        </td>
        <td
          className="cell"
        >
          250
        </td>
        <td
          className="cell"
          style={
            Object {
              "background": "green",
            }
          }
        >
          active
        </td>
        <td
          className="cell"
        >
          <input
            className="inputEdit"
            disabled={false}
            onClick={[Function]}
            type="button"
            value="Редактировать"
          />
        </td>
        <td
          className="cell"
        >
          <input
            className="inputDelete"
            disabled={false}
            onClick={[Function]}
            type="button"
            value="Удалить"
          />
        </td>
      </tr>
      <tr
        className="MobileClient"
      >
        <td
          className="cell"
        >
          Петров
        </td>
        <td
          className="cell"
        >
          Пётр
        </td>
        <td
          className="cell"
        >
          Петрович
        </td>
        <td
          className="cell"
        >
          180
        </td>
        <td
          className="cell"
          style={
            Object {
              "background": "green",
            }
          }
        >
          active
        </td>
        <td
          className="cell"
        >
          <input
            className="inputEdit"
            disabled={false}
            onClick={[Function]}
            type="button"
            value="Редактировать"
          />
        </td>
        <td
          className="cell"
        >
          <input
            className="inputDelete"
            disabled={false}
            onClick={[Function]}
            type="button"
            value="Удалить"
          />
        </td>
      </tr>
      <tr
        className="MobileClient"
      >
        <td
          className="cell"
        >
          Григорьев
        </td>
        <td
          className="cell"
        >
          Григорий
        </td>
        <td
          className="cell"
        >
          Григорьевич
        </td>
        <td
          className="cell"
        >
          -220
        </td>
        <td
          className="cell"
          style={
            Object {
              "background": "red",
            }
          }
        >
          blocked
        </td>
        <td
          className="cell"
        >
          <input
            className="inputEdit"
            disabled={false}
            onClick={[Function]}
            type="button"
            value="Редактировать"
          />
        </td>
        <td
          className="cell"
        >
          <input
            className="inputDelete"
            disabled={false}
            onClick={[Function]}
            type="button"
            value="Удалить"
          />
        </td>
      </tr>
    </tbody>
  </table>
  <input
    className="AddClient"
    hidden={false}
    onClick={[Function]}
    type="button"
    value="Добавь клиента"
  />
</div>
`;

exports[`работа кнопки Добавь Клиента MobileCompany 2`] = `
<div
  className="MobileCompany"
>
  <input
    onClick={[Function]}
    type="button"
    value="МТС"
  />
  <input
    onClick={[Function]}
    type="button"
    value="Velcom"
  />
  <div
    className="MobileCompanyName"
  >
    Компания «
    Velcom
    »
  </div>
  <div
    className="MobileCompanyFilter"
  >
    <input
      className="All"
      onClick={[Function]}
      type="button"
      value="Все"
    />
    <input
      className="Active"
      onClick={[Function]}
      type="button"
      value="Активные"
    />
    <input
      className="Blocked"
      onClick={[Function]}
      type="button"
      value="Заблокированные"
    />
  </div>
  <table
    className="table"
  >
    <thead>
      <tr
        className="header"
      >
        <th
          className="cell"
        >
          Фамилия
        </th>
        <th
          className="cell"
        >
          Имя
        </th>
        <th
          className="cell"
        >
          Отчество
        </th>
        <th
          className="cell"
        >
          Баланс
        </th>
        <th
          className="cell"
        >
          Статус
        </th>
        <th
          className="cell"
        >
          Редактировать
        </th>
        <th
          className="cell"
        >
          Удалить
        </th>
      </tr>
    </thead>
    <tbody
      className="body"
    >
      <tr
        className="MobileClient"
      >
        <td
          className="cell"
        >
          Иванов
        </td>
        <td
          className="cell"
        >
          Иван
        </td>
        <td
          className="cell"
        >
          Иванович
        </td>
        <td
          className="cell"
        >
          200
        </td>
        <td
          className="cell"
          style={
            Object {
              "background": "green",
            }
          }
        >
          active
        </td>
        <td
          className="cell"
        >
          <input
            className="inputEdit"
            disabled={true}
            onClick={[Function]}
            type="button"
            value="Редактировать"
          />
        </td>
        <td
          className="cell"
        >
          <input
            className="inputDelete"
            disabled={true}
            onClick={[Function]}
            type="button"
            value="Удалить"
          />
        </td>
      </tr>
      <tr
        className="MobileClient"
      >
        <td
          className="cell"
        >
          Сидоров
        </td>
        <td
          className="cell"
        >
          Сергей
        </td>
        <td
          className="cell"
        >
          Сергеевич
        </td>
        <td
          className="cell"
        >
          250
        </td>
        <td
          className="cell"
          style={
            Object {
              "background": "green",
            }
          }
        >
          active
        </td>
        <td
          className="cell"
        >
          <input
            className="inputEdit"
            disabled={true}
            onClick={[Function]}
            type="button"
            value="Редактировать"
          />
        </td>
        <td
          className="cell"
        >
          <input
            className="inputDelete"
            disabled={true}
            onClick={[Function]}
            type="button"
            value="Удалить"
          />
        </td>
      </tr>
      <tr
        className="MobileClient"
      >
        <td
          className="cell"
        >
          Петров
        </td>
        <td
          className="cell"
        >
          Пётр
        </td>
        <td
          className="cell"
        >
          Петрович
        </td>
        <td
          className="cell"
        >
          180
        </td>
        <td
          className="cell"
          style={
            Object {
              "background": "green",
            }
          }
        >
          active
        </td>
        <td
          className="cell"
        >
          <input
            className="inputEdit"
            disabled={true}
            onClick={[Function]}
            type="button"
            value="Редактировать"
          />
        </td>
        <td
          className="cell"
        >
          <input
            className="inputDelete"
            disabled={true}
            onClick={[Function]}
            type="button"
            value="Удалить"
          />
        </td>
      </tr>
      <tr
        className="MobileClient"
      >
        <td
          className="cell"
        >
          Григорьев
        </td>
        <td
          className="cell"
        >
          Григорий
        </td>
        <td
          className="cell"
        >
          Григорьевич
        </td>
        <td
          className="cell"
        >
          -220
        </td>
        <td
          className="cell"
          style={
            Object {
              "background": "red",
            }
          }
        >
          blocked
        </td>
        <td
          className="cell"
        >
          <input
            className="inputEdit"
            disabled={true}
            onClick={[Function]}
            type="button"
            value="Редактировать"
          />
        </td>
        <td
          className="cell"
        >
          <input
            className="inputDelete"
            disabled={true}
            onClick={[Function]}
            type="button"
            value="Удалить"
          />
        </td>
      </tr>
    </tbody>
  </table>
  <input
    className="AddClient"
    hidden={true}
    onClick={[Function]}
    type="button"
    value="Добавь клиента"
  />
  <div
    className="clientChange"
    hidden={false}
  >
    <h3>
      Add new client
    </h3>
    <span>
      ID: 
      1
    </span>
    <label
      className="inputArea"
    >
      <span
        className="fieldName"
      >
        Фамилия
      </span>
      <input
        defaultValue=""
        name="lastName"
        type="text"
      />
    </label>
    <label
      className="inputArea"
    >
      <span
        className="fieldName"
      >
        Имя
      </span>
      <input
        defaultValue=""
        name="name"
        type="text"
      />
    </label>
    <label
      className="inputArea"
    >
      <span
        className="fieldName"
      >
        Отчество
      </span>
      <input
        defaultValue=""
        name="middle_name"
        type="text"
      />
    </label>
    <label
      className="inputArea"
    >
      <span
        className="fieldName"
      >
        Баланс
      </span>
      <input
        defaultValue={0}
        name="balance"
        type="text"
      />
    </label>
    <input
      disabled={undefined}
      onClick={[Function]}
      type="button"
      value="Add"
    />
    <input
      onClick={[Function]}
      type="button"
      value="Cancel"
    />
  </div>
</div>
`;

exports[`работа кнопки Добавь Клиента MobileCompany 3`] = `
<div
  className="MobileCompany"
>
  <input
    onClick={[Function]}
    type="button"
    value="МТС"
  />
  <input
    onClick={[Function]}
    type="button"
    value="Velcom"
  />
  <div
    className="MobileCompanyName"
  >
    Компания «
    Velcom
    »
  </div>
  <div
    className="MobileCompanyFilter"
  >
    <input
      className="All"
      onClick={[Function]}
      type="button"
      value="Все"
    />
    <input
      className="Active"
      onClick={[Function]}
      type="button"
      value="Активные"
    />
    <input
      className="Blocked"
      onClick={[Function]}
      type="button"
      value="Заблокированные"
    />
  </div>
  <table
    className="table"
  >
    <thead>
      <tr
        className="header"
      >
        <th
          className="cell"
        >
          Фамилия
        </th>
        <th
          className="cell"
        >
          Имя
        </th>
        <th
          className="cell"
        >
          Отчество
        </th>
        <th
          className="cell"
        >
          Баланс
        </th>
        <th
          className="cell"
        >
          Статус
        </th>
        <th
          className="cell"
        >
          Редактировать
        </th>
        <th
          className="cell"
        >
          Удалить
        </th>
      </tr>
    </thead>
    <tbody
      className="body"
    >
      <tr
        className="MobileClient"
      >
        <td
          className="cell"
        >
          Иванов
        </td>
        <td
          className="cell"
        >
          Иван
        </td>
        <td
          className="cell"
        >
          Иванович
        </td>
        <td
          className="cell"
        >
          200
        </td>
        <td
          className="cell"
          style={
            Object {
              "background": "green",
            }
          }
        >
          active
        </td>
        <td
          className="cell"
        >
          <input
            className="inputEdit"
            disabled={true}
            onClick={[Function]}
            type="button"
            value="Редактировать"
          />
        </td>
        <td
          className="cell"
        >
          <input
            className="inputDelete"
            disabled={true}
            onClick={[Function]}
            type="button"
            value="Удалить"
          />
        </td>
      </tr>
      <tr
        className="MobileClient"
      >
        <td
          className="cell"
        >
          Сидоров
        </td>
        <td
          className="cell"
        >
          Сергей
        </td>
        <td
          className="cell"
        >
          Сергеевич
        </td>
        <td
          className="cell"
        >
          250
        </td>
        <td
          className="cell"
          style={
            Object {
              "background": "green",
            }
          }
        >
          active
        </td>
        <td
          className="cell"
        >
          <input
            className="inputEdit"
            disabled={true}
            onClick={[Function]}
            type="button"
            value="Редактировать"
          />
        </td>
        <td
          className="cell"
        >
          <input
            className="inputDelete"
            disabled={true}
            onClick={[Function]}
            type="button"
            value="Удалить"
          />
        </td>
      </tr>
      <tr
        className="MobileClient"
      >
        <td
          className="cell"
        >
          Петров
        </td>
        <td
          className="cell"
        >
          Пётр
        </td>
        <td
          className="cell"
        >
          Петрович
        </td>
        <td
          className="cell"
        >
          180
        </td>
        <td
          className="cell"
          style={
            Object {
              "background": "green",
            }
          }
        >
          active
        </td>
        <td
          className="cell"
        >
          <input
            className="inputEdit"
            disabled={true}
            onClick={[Function]}
            type="button"
            value="Редактировать"
          />
        </td>
        <td
          className="cell"
        >
          <input
            className="inputDelete"
            disabled={true}
            onClick={[Function]}
            type="button"
            value="Удалить"
          />
        </td>
      </tr>
      <tr
        className="MobileClient"
      >
        <td
          className="cell"
        >
          Григорьев
        </td>
        <td
          className="cell"
        >
          Григорий
        </td>
        <td
          className="cell"
        >
          Григорьевич
        </td>
        <td
          className="cell"
        >
          -220
        </td>
        <td
          className="cell"
          style={
            Object {
              "background": "red",
            }
          }
        >
          blocked
        </td>
        <td
          className="cell"
        >
          <input
            className="inputEdit"
            disabled={true}
            onClick={[Function]}
            type="button"
            value="Редактировать"
          />
        </td>
        <td
          className="cell"
        >
          <input
            className="inputDelete"
            disabled={true}
            onClick={[Function]}
            type="button"
            value="Удалить"
          />
        </td>
      </tr>
    </tbody>
  </table>
  <input
    className="AddClient"
    hidden={true}
    onClick={[Function]}
    type="button"
    value="Добавь клиента"
  />
  <div
    className="clientChange"
    hidden={false}
  >
    <h3>
      Add new client
    </h3>
    <span>
      ID: 
      1
    </span>
    <label
      className="inputArea"
    >
      <span
        className="fieldName"
      >
        Фамилия
      </span>
      <input
        defaultValue=""
        name="lastName"
        type="text"
      />
    </label>
    <label
      className="inputArea"
    >
      <span
        className="fieldName"
      >
        Имя
      </span>
      <input
        defaultValue=""
        name="name"
        type="text"
      />
    </label>
    <label
      className="inputArea"
    >
      <span
        className="fieldName"
      >
        Отчество
      </span>
      <input
        defaultValue=""
        name="middle_name"
        type="text"
      />
    </label>
    <label
      className="inputArea"
    >
      <span
        className="fieldName"
      >
        Баланс
      </span>
      <input
        defaultValue={0}
        name="balance"
        type="text"
      />
    </label>
    <input
      disabled={undefined}
      onClick={[Function]}
      type="button"
      value="Add"
    />
    <input
      onClick={[Function]}
      type="button"
      value="Cancel"
    />
  </div>
</div>
`;

exports[`работа кнопки Заблокированные MobileCompany 1`] = `
<div
  className="MobileCompany"
>
  <input
    onClick={[Function]}
    type="button"
    value="МТС"
  />
  <input
    onClick={[Function]}
    type="button"
    value="Velcom"
  />
  <div
    className="MobileCompanyName"
  >
    Компания «
    Velcom
    »
  </div>
  <div
    className="MobileCompanyFilter"
  >
    <input
      className="All"
      onClick={[Function]}
      type="button"
      value="Все"
    />
    <input
      className="Active"
      onClick={[Function]}
      type="button"
      value="Активные"
    />
    <input
      className="Blocked"
      onClick={[Function]}
      type="button"
      value="Заблокированные"
    />
  </div>
  <table
    className="table"
  >
    <thead>
      <tr
        className="header"
      >
        <th
          className="cell"
        >
          Фамилия
        </th>
        <th
          className="cell"
        >
          Имя
        </th>
        <th
          className="cell"
        >
          Отчество
        </th>
        <th
          className="cell"
        >
          Баланс
        </th>
        <th
          className="cell"
        >
          Статус
        </th>
        <th
          className="cell"
        >
          Редактировать
        </th>
        <th
          className="cell"
        >
          Удалить
        </th>
      </tr>
    </thead>
    <tbody
      className="body"
    >
      <tr
        className="MobileClient"
      >
        <td
          className="cell"
        >
          Иванов
        </td>
        <td
          className="cell"
        >
          Иван
        </td>
        <td
          className="cell"
        >
          Иванович
        </td>
        <td
          className="cell"
        >
          200
        </td>
        <td
          className="cell"
          style={
            Object {
              "background": "green",
            }
          }
        >
          active
        </td>
        <td
          className="cell"
        >
          <input
            className="inputEdit"
            disabled={false}
            onClick={[Function]}
            type="button"
            value="Редактировать"
          />
        </td>
        <td
          className="cell"
        >
          <input
            className="inputDelete"
            disabled={false}
            onClick={[Function]}
            type="button"
            value="Удалить"
          />
        </td>
      </tr>
      <tr
        className="MobileClient"
      >
        <td
          className="cell"
        >
          Сидоров
        </td>
        <td
          className="cell"
        >
          Сергей
        </td>
        <td
          className="cell"
        >
          Сергеевич
        </td>
        <td
          className="cell"
        >
          250
        </td>
        <td
          className="cell"
          style={
            Object {
              "background": "green",
            }
          }
        >
          active
        </td>
        <td
          className="cell"
        >
          <input
            className="inputEdit"
            disabled={false}
            onClick={[Function]}
            type="button"
            value="Редактировать"
          />
        </td>
        <td
          className="cell"
        >
          <input
            className="inputDelete"
            disabled={false}
            onClick={[Function]}
            type="button"
            value="Удалить"
          />
        </td>
      </tr>
      <tr
        className="MobileClient"
      >
        <td
          className="cell"
        >
          Петров
        </td>
        <td
          className="cell"
        >
          Пётр
        </td>
        <td
          className="cell"
        >
          Петрович
        </td>
        <td
          className="cell"
        >
          180
        </td>
        <td
          className="cell"
          style={
            Object {
              "background": "green",
            }
          }
        >
          active
        </td>
        <td
          className="cell"
        >
          <input
            className="inputEdit"
            disabled={false}
            onClick={[Function]}
            type="button"
            value="Редактировать"
          />
        </td>
        <td
          className="cell"
        >
          <input
            className="inputDelete"
            disabled={false}
            onClick={[Function]}
            type="button"
            value="Удалить"
          />
        </td>
      </tr>
      <tr
        className="MobileClient"
      >
        <td
          className="cell"
        >
          Григорьев
        </td>
        <td
          className="cell"
        >
          Григорий
        </td>
        <td
          className="cell"
        >
          Григорьевич
        </td>
        <td
          className="cell"
        >
          -220
        </td>
        <td
          className="cell"
          style={
            Object {
              "background": "red",
            }
          }
        >
          blocked
        </td>
        <td
          className="cell"
        >
          <input
            className="inputEdit"
            disabled={false}
            onClick={[Function]}
            type="button"
            value="Редактировать"
          />
        </td>
        <td
          className="cell"
        >
          <input
            className="inputDelete"
            disabled={false}
            onClick={[Function]}
            type="button"
            value="Удалить"
          />
        </td>
      </tr>
    </tbody>
  </table>
  <input
    className="AddClient"
    hidden={false}
    onClick={[Function]}
    type="button"
    value="Добавь клиента"
  />
</div>
`;

exports[`работа кнопки Заблокированные MobileCompany 2`] = `
<div
  className="MobileCompany"
>
  <input
    onClick={[Function]}
    type="button"
    value="МТС"
  />
  <input
    onClick={[Function]}
    type="button"
    value="Velcom"
  />
  <div
    className="MobileCompanyName"
  >
    Компания «
    Velcom
    »
  </div>
  <div
    className="MobileCompanyFilter"
  >
    <input
      className="All"
      onClick={[Function]}
      type="button"
      value="Все"
    />
    <input
      className="Active"
      onClick={[Function]}
      type="button"
      value="Активные"
    />
    <input
      className="Blocked"
      onClick={[Function]}
      type="button"
      value="Заблокированные"
    />
  </div>
  <table
    className="table"
  >
    <thead>
      <tr
        className="header"
      >
        <th
          className="cell"
        >
          Фамилия
        </th>
        <th
          className="cell"
        >
          Имя
        </th>
        <th
          className="cell"
        >
          Отчество
        </th>
        <th
          className="cell"
        >
          Баланс
        </th>
        <th
          className="cell"
        >
          Статус
        </th>
        <th
          className="cell"
        >
          Редактировать
        </th>
        <th
          className="cell"
        >
          Удалить
        </th>
      </tr>
    </thead>
    <tbody
      className="body"
    >
      <tr
        className="MobileClient"
      >
        <td
          className="cell"
        >
          Григорьев
        </td>
        <td
          className="cell"
        >
          Григорий
        </td>
        <td
          className="cell"
        >
          Григорьевич
        </td>
        <td
          className="cell"
        >
          -220
        </td>
        <td
          className="cell"
          style={
            Object {
              "background": "red",
            }
          }
        >
          blocked
        </td>
        <td
          className="cell"
        >
          <input
            className="inputEdit"
            disabled={false}
            onClick={[Function]}
            type="button"
            value="Редактировать"
          />
        </td>
        <td
          className="cell"
        >
          <input
            className="inputDelete"
            disabled={false}
            onClick={[Function]}
            type="button"
            value="Удалить"
          />
        </td>
      </tr>
    </tbody>
  </table>
  <input
    className="AddClient"
    hidden={false}
    onClick={[Function]}
    type="button"
    value="Добавь клиента"
  />
</div>
`;

exports[`работа кнопки Заблокированные MobileCompany 3`] = `
<div
  className="MobileCompany"
>
  <input
    onClick={[Function]}
    type="button"
    value="МТС"
  />
  <input
    onClick={[Function]}
    type="button"
    value="Velcom"
  />
  <div
    className="MobileCompanyName"
  >
    Компания «
    Velcom
    »
  </div>
  <div
    className="MobileCompanyFilter"
  >
    <input
      className="All"
      onClick={[Function]}
      type="button"
      value="Все"
    />
    <input
      className="Active"
      onClick={[Function]}
      type="button"
      value="Активные"
    />
    <input
      className="Blocked"
      onClick={[Function]}
      type="button"
      value="Заблокированные"
    />
  </div>
  <table
    className="table"
  >
    <thead>
      <tr
        className="header"
      >
        <th
          className="cell"
        >
          Фамилия
        </th>
        <th
          className="cell"
        >
          Имя
        </th>
        <th
          className="cell"
        >
          Отчество
        </th>
        <th
          className="cell"
        >
          Баланс
        </th>
        <th
          className="cell"
        >
          Статус
        </th>
        <th
          className="cell"
        >
          Редактировать
        </th>
        <th
          className="cell"
        >
          Удалить
        </th>
      </tr>
    </thead>
    <tbody
      className="body"
    >
      <tr
        className="MobileClient"
      >
        <td
          className="cell"
        >
          Григорьев
        </td>
        <td
          className="cell"
        >
          Григорий
        </td>
        <td
          className="cell"
        >
          Григорьевич
        </td>
        <td
          className="cell"
        >
          -220
        </td>
        <td
          className="cell"
          style={
            Object {
              "background": "red",
            }
          }
        >
          blocked
        </td>
        <td
          className="cell"
        >
          <input
            className="inputEdit"
            disabled={false}
            onClick={[Function]}
            type="button"
            value="Редактировать"
          />
        </td>
        <td
          className="cell"
        >
          <input
            className="inputDelete"
            disabled={false}
            onClick={[Function]}
            type="button"
            value="Удалить"
          />
        </td>
      </tr>
    </tbody>
  </table>
  <input
    className="AddClient"
    hidden={false}
    onClick={[Function]}
    type="button"
    value="Добавь клиента"
  />
</div>
`;
